bash: warning: setlocale: LC_ALL: cannot change locale (en_US.UTF-8)
== [1/3] OURS dilate sweep: dilation_reg x compressibility  (thickness=4.25mm, lambda_d=800000 fixed) ==
  compressibility=0.6       rmse*=0.68px rel=0.36 [dilate=0.03743]
  compressibility=0.7       rmse*=0.66px rel=0.36 [dilate=0.04835]
  compressibility=0.8       rmse*=0.66px rel=0.35 [dilate=0.06695]
  compressibility=0.9       rmse*=0.69px rel=0.37 [dilate=0.1001]
BEST: compressibility=0.8  rmse*=0.66px rel=0.35 scales={'dilate': 0.0669461}
saved best-fit markers 'dilate/elastomer' -> outputs/fots_compare/markers_sweep.npz
>> ours dilation calibrated: compressibility=0.8 thickness=4.25mm dilate_scale=0.0669461
== OURS shear sweep: lambda_s x shear_scale  (dilation fixed from above) ==
  lambda_s=30000     shear_scale=1          rmse*=1.30px rel=0.25 [shear=3.868]
  lambda_s=100000    shear_scale=1          rmse*=1.03px rel=0.19 [shear=3.777]
  lambda_s=300000    shear_scale=1          rmse*=1.02px rel=0.19 [shear=5.59]
  lambda_s=1e+06     shear_scale=1          rmse*=1.12px rel=0.21 [shear=12.79]
  lambda_s=30000     shear_scale=1.25       rmse*=1.30px rel=0.25 [shear=3.081]
  lambda_s=100000    shear_scale=1.25       rmse*=1.03px rel=0.19 [shear=3.008]
  lambda_s=300000    shear_scale=1.25       rmse*=1.02px rel=0.19 [shear=4.459]
  lambda_s=1e+06     shear_scale=1.25       rmse*=1.12px rel=0.21 [shear=10.22]
  lambda_s=30000     shear_scale=1.5        rmse*=1.30px rel=0.25 [shear=2.557]
  lambda_s=100000    shear_scale=1.5        rmse*=1.03px rel=0.19 [shear=2.496]
  lambda_s=300000    shear_scale=1.5        rmse*=1.02px rel=0.19 [shear=3.704]
  lambda_s=1e+06     shear_scale=1.5        rmse*=1.12px rel=0.21 [shear=8.503]
  lambda_s=30000     shear_scale=1.75       rmse*=1.30px rel=0.25 [shear=2.182]
  lambda_s=100000    shear_scale=1.75       rmse*=1.03px rel=0.19 [shear=2.13]
  lambda_s=300000    shear_scale=1.75       rmse*=1.02px rel=0.19 [shear=3.166]
  lambda_s=1e+06     shear_scale=1.75       rmse*=1.12px rel=0.21 [shear=7.279]
  lambda_s=30000     shear_scale=2          rmse*=1.30px rel=0.25 [shear=1.901]
  lambda_s=100000    shear_scale=2          rmse*=1.03px rel=0.19 [shear=1.855]
  lambda_s=300000    shear_scale=2          rmse*=1.02px rel=0.19 [shear=2.762]
  lambda_s=1e+06     shear_scale=2          rmse*=1.12px rel=0.21 [shear=6.36]
BEST: lambda_s=300000 shear_scale=1.75  rmse*=1.02px rel=0.19 scales={'shear': 3.16565}
saved best-fit markers 'shear/elastomer' -> outputs/fots_compare/markers_sweep.npz
== [2/3] FOTS dilate sweep: fots_lambda_d ==
  fots_lambda_d=0.0008    rmse*=0.98px rel=0.52 [dilate=0.0002354]
  fots_lambda_d=0.00125   rmse*=0.99px rel=0.53 [dilate=0.0004301]
  fots_lambda_d=0.002     rmse*=1.00px rel=0.54 [dilate=0.0008724]
  fots_lambda_d=0.003     rmse*=1.01px rel=0.54 [dilate=0.001686]
BEST: fots_lambda_d=0.0008  rmse*=0.98px rel=0.52 scales={'dilate': 0.000235359}
saved best-fit markers 'dilate/fots' -> outputs/fots_compare/markers_sweep.npz
== FOTS shear sweep: fots_lambda_s  (fots_lambda_d=0.0008 fixed) ==
  fots_lambda_s=0.001     rmse*=1.50px rel=0.29 [dilate=0.0003762 shear=0.6573]
  fots_lambda_s=0.003     rmse*=2.19px rel=0.42 [dilate=0.0003208 shear=0.5031]
  fots_lambda_s=0.01      rmse*=2.33px rel=0.44 [dilate=0.0002888 shear=0.4635]
  fots_lambda_s=0.03      rmse*=2.33px rel=0.44 [dilate=0.0002882 shear=0.9082]
BEST: fots_lambda_s=0.001  rmse*=1.50px rel=0.29 scales={'dilate': 0.000376164, 'shear': 0.657271}
saved best-fit markers 'shear/fots' -> outputs/fots_compare/markers_sweep.npz
== [3/3] HydroShear dilate sweep: hydroshear_lambda_d  (mu=0.6) ==
  hydroshear_lambda_d=11000     rmse*=0.78px rel=0.41 [dilate=3.27]
  hydroshear_lambda_d=16000     rmse*=0.76px rel=0.41 [dilate=4.162]
  hydroshear_lambda_d=22000     rmse*=0.76px rel=0.40 [dilate=5.237]
BEST: hydroshear_lambda_d=22000  rmse*=0.76px rel=0.40 scales={'dilate': 5.23717}
saved best-fit markers 'dilate/hydroshear' -> outputs/fots_compare/markers_sweep.npz
== HydroShear shear sweep: hydroshear_lambda_s  (lambda_d=22000 mu=0.6 fixed) ==
  hydroshear_lambda_s=7000      rmse*=1.57px rel=0.30 [dilate=6.01 shear=7.19]
  hydroshear_lambda_s=10000     rmse*=1.53px rel=0.29 [dilate=6.057 shear=5.685]
  hydroshear_lambda_s=13000     rmse*=1.48px rel=0.28 [dilate=6.102 shear=4.898]
BEST: hydroshear_lambda_s=13000  rmse*=1.48px rel=0.28 scales={'dilate': 6.10241, 'shear': 4.89847}
saved best-fit markers 'shear/hydroshear' -> outputs/fots_compare/markers_sweep.npz
saved grid -> outputs/fots_compare/grid_sweep_best.png
Done -> outputs/fots_compare/grid_sweep_best.png  (best params per cell are in the BEST: lines above + cached in outputs/fots_compare/markers_sweep.npz)
