[38;5;159m[Genesis] [09:59:58] [INFO] [38;5;121m╭───────────────────────────────────────────────╮[0m[38;5;159m[0m
[38;5;159m[Genesis] [09:59:58] [INFO] [38;5;121m│┈┉┈┉┈┉┈┉┈┉┈┉┈┉┈┉┈┉┈[0m[38;5;159m [38;5;121m[1m[3mGenesis[0m[38;5;159m [38;5;121m┈┉┈┉┈┉┈┉┈┉┈┉┈┉┈┉┈┉┈│[0m[38;5;159m[0m
[38;5;159m[Genesis] [09:59:58] [INFO] [38;5;121m╰───────────────────────────────────────────────╯[0m[38;5;159m[0m
[38;5;159m[Genesis] [09:59:59] [INFO] Running on [38;5;121m[4m[NVIDIA GeForce RTX 3060 Ti][0m[38;5;159m with backend [38;5;121m[4mgs.cuda[0m[38;5;159m. Device memory: [38;5;121m[4m7.66[0m[38;5;159m GB.[0m
[38;5;159m[Genesis] [09:59:59] [INFO] 🚀 Genesis initialized. 🔖 version: [38;5;121m[4m1.4.1[0m[38;5;159m, 🎨 theme: [38;5;121m[4mdark[0m[38;5;159m, 🌱 seed: [38;5;121m[4m0[0m[38;5;159m, 🐛 debug: [38;5;121m[4mFalse[0m[38;5;159m, 📏 precision: [38;5;121m[4m32[0m[38;5;159m, 🔥 performance: [38;5;121m[4mFalse[0m[38;5;159m, 💬 verbose: [38;5;121m[4mINFO[0m[38;5;159m[0m
[38;5;159m[Eden 🍏] [09:59:59] [INFO] [38;5;121m╭──────────────────────────────────────────────╮[0m[38;5;159m[0m
[38;5;159m[Eden 🍏] [09:59:59] [INFO] [38;5;121m│┈┉┈┉┈┉┈┉┈┉┈┉┈┉┈┉┈┉┈[0m[38;5;159m [38;5;121m[1m[3m Eden [0m[38;5;159m [38;5;121m┈┉┈┉┈┉┈┉┈┉┈┉┈┉┈┉┈┉┈│[0m[38;5;159m[0m
[38;5;159m[Eden 🍏] [09:59:59] [INFO] [38;5;121m╰──────────────────────────────────────────────╯[0m[38;5;159m[0m
[38;5;159m[Eden 🍏] [09:59:59] [INFO] 🍎 Eden ver: [38;5;121m[4m4777fd5[0m[38;5;159m, 🌏 Genesis ver: [38;5;121m[4m4777fd5[0m[38;5;159m.[0m
[38;5;159m[Eden 🍏] [09:59:59] [INFO] 💽 Log directory: [38;5;121m[4m/workspace/tactile-genesis/dexterous-hands/logs/tactile_record/26Oct01T0959[0m[38;5;159m[0m
Traceback (most recent call last):
  File "/workspace/tactile-genesis/dexterous-hands/scripts/run_task_tactile_record.py", line 41, in <module>
    config = get_task_config(
             ^^^^^^^^^^^^^^^^
  File "/workspace/tactile-genesis/dexterous-hands/src/registry.py", line 152, in get_task_config
    config = TASK_REGISTRY.build(task_name, **(modifiers or {}))
             ^^^^^^^^^^^^^^^^^^^^^^^^^^^^^^^^^^^^^^^^^^^^^^^^^^^
  File "/workspace/tactile-genesis/Eden/eden/tasks/registry.py", line 420, in build
    cls = self.get(name)
          ^^^^^^^^^^^^^^
  File "/workspace/tactile-genesis/Eden/eden/tasks/registry.py", line 378, in get
    importlib.import_module(module_path)
  File "/venv/main/lib/python3.12/importlib/__init__.py", line 90, in import_module
    return _bootstrap._gcd_import(name[level:], package, level)
           ^^^^^^^^^^^^^^^^^^^^^^^^^^^^^^^^^^^^^^^^^^^^^^^^^^^^
  File "<frozen importlib._bootstrap>", line 1387, in _gcd_import
  File "<frozen importlib._bootstrap>", line 1360, in _find_and_load
  File "<frozen importlib._bootstrap>", line 1331, in _find_and_load_unlocked
  File "<frozen importlib._bootstrap>", line 935, in _load_unlocked
  File "<frozen importlib._bootstrap_external>", line 999, in exec_module
  File "<frozen importlib._bootstrap>", line 488, in _call_with_frames_removed
  File "/workspace/tactile-genesis/dexterous-hands/src/tasks/in_fingers_rotate/config.py", line 234, in <module>
    class InFingersRotateConfig(EdenRLConfig):
  File "/workspace/tactile-genesis/dexterous-hands/src/tasks/in_fingers_rotate/config.py", line 285, in InFingersRotateConfig
    "reference_source": ReferenceSource.ACCUMULATE,
                        ^^^^^^^^^^^^^^^^^^^^^^^^^^
AttributeError: type object 'ReferenceSource' has no attribute 'ACCUMULATE'

[38;5;9m[Genesis] [10:00:00] [ERROR] AttributeError: type object 'ReferenceSource' has no attribute 'ACCUMULATE'[0m
[38;5;159m[Genesis] [10:00:00] [INFO] 💤 Exiting Genesis and caching compiled kernels...[0m
