[38;5;159m[Genesis] [10:02:02] [INFO] [38;5;121m╭───────────────────────────────────────────────╮[0m[38;5;159m[0m
[38;5;159m[Genesis] [10:02:02] [INFO] [38;5;121m│┈┉┈┉┈┉┈┉┈┉┈┉┈┉┈┉┈┉┈[0m[38;5;159m [38;5;121m[1m[3mGenesis[0m[38;5;159m [38;5;121m┈┉┈┉┈┉┈┉┈┉┈┉┈┉┈┉┈┉┈│[0m[38;5;159m[0m
[38;5;159m[Genesis] [10:02:02] [INFO] [38;5;121m╰───────────────────────────────────────────────╯[0m[38;5;159m[0m
[38;5;159m[Genesis] [10:02:03] [INFO] Running on [38;5;121m[4m[NVIDIA GeForce RTX 3060 Ti][0m[38;5;159m with backend [38;5;121m[4mgs.cuda[0m[38;5;159m. Device memory: [38;5;121m[4m7.66[0m[38;5;159m GB.[0m
[38;5;159m[Genesis] [10:02:03] [INFO] 🚀 Genesis initialized. 🔖 version: [38;5;121m[4m1.4.1[0m[38;5;159m, 🎨 theme: [38;5;121m[4mdark[0m[38;5;159m, 🌱 seed: [38;5;121m[4m0[0m[38;5;159m, 🐛 debug: [38;5;121m[4mFalse[0m[38;5;159m, 📏 precision: [38;5;121m[4m32[0m[38;5;159m, 🔥 performance: [38;5;121m[4mFalse[0m[38;5;159m, 💬 verbose: [38;5;121m[4mINFO[0m[38;5;159m[0m
[38;5;159m[Eden 🍏] [10:02:03] [INFO] [38;5;121m╭──────────────────────────────────────────────╮[0m[38;5;159m[0m
[38;5;159m[Eden 🍏] [10:02:03] [INFO] [38;5;121m│┈┉┈┉┈┉┈┉┈┉┈┉┈┉┈┉┈┉┈[0m[38;5;159m [38;5;121m[1m[3m Eden [0m[38;5;159m [38;5;121m┈┉┈┉┈┉┈┉┈┉┈┉┈┉┈┉┈┉┈│[0m[38;5;159m[0m
[38;5;159m[Eden 🍏] [10:02:03] [INFO] [38;5;121m╰──────────────────────────────────────────────╯[0m[38;5;159m[0m
[38;5;159m[Eden 🍏] [10:02:03] [INFO] 🍎 Eden ver: [38;5;121m[4m4777fd5[0m[38;5;159m, 🌏 Genesis ver: [38;5;121m[4m4777fd5[0m[38;5;159m.[0m
[38;5;159m[Eden 🍏] [10:02:03] [INFO] 💽 Log directory: [38;5;121m[4m/workspace/tactile-genesis/dexterous-hands/logs/tactile_record/26Oct01T1002[0m[38;5;159m[0m
/workspace/tactile-genesis/dexterous-hands/.venv/lib/python3.12/site-packages/pydantic/main.py:475: UserWarning: Pydantic serializer warnings:
  PydanticSerializationUnexpectedValue(Expected `tuple[float, float, float, float]` - serialized value may not be as expected [field_name='default_root_quat', input_value=array([ 0.5,  0.5, -0.5,  0.5]), input_type=ndarray])
  return self.__pydantic_serializer__.to_python(
[38;5;226m[Eden 🍏] [10:02:04] [WARNING] Dropping unknown keys when loading ColorTexture: {'requires_uv', 'is_black'}[0m
[38;5;226m[Eden 🍏] [10:02:04] [WARNING] Dropping unknown keys when loading ColorTexture: {'requires_uv', 'is_black'}[0m
[38;5;226m[Genesis] [10:02:04] [WARNING] Viewer option 'env_separate_rigid' is deprecated and will be removed in a future release. Please use 'split_envs' instead.[0m
[38;5;159m[Genesis] [10:02:04] [INFO] Scene [38;5;121m[3m<c8f6cbf>[0m[38;5;159m created.[0m
/workspace/tactile-genesis/dexterous-hands/.venv/lib/python3.12/site-packages/pydantic/main.py:475: UserWarning: Pydantic serializer warnings:
  PydanticSerializationUnexpectedValue(Expected `tuple[float, float, float]` - serialized value may not be as expected [field_name='default_root_pos', input_value=[0.0, 0.0, 0.0], input_type=list])
  PydanticSerializationUnexpectedValue(Expected `tuple[float, float, float, float]` - serialized value may not be as expected [field_name='default_root_quat', input_value=[1.0, 0.0, 0.0, 0.0], input_type=list])
  PydanticSerializationUnexpectedValue(Expected `tuple[float, float, float]` - serialized value may not be as expected [field_name='size', input_value=[0.056, 0.056, 0.056], input_type=list])
  return self.__pydantic_serializer__.to_python(
/workspace/tactile-genesis/dexterous-hands/.venv/lib/python3.12/site-packages/pydantic/main.py:475: UserWarning: Pydantic serializer warnings:
  PydanticSerializationUnexpectedValue(Expected `tuple[float, float, float]` - serialized value may not be as expected [field_name='default_root_pos', input_value=[0.0, 0.0, 0.0], input_type=list])
  PydanticSerializationUnexpectedValue(Expected `tuple[float, float, float, float]` - serialized value may not be as expected [field_name='default_root_quat', input_value=[1.0, 0.0, 0.0, 0.0], input_type=list])
  PydanticSerializationUnexpectedValue(Expected `tuple[float, float, float]` - serialized value may not be as expected [field_name='size', input_value=[0.0592, 0.0592, 0.0592], input_type=list])
  return self.__pydantic_serializer__.to_python(
/workspace/tactile-genesis/dexterous-hands/.venv/lib/python3.12/site-packages/pydantic/main.py:475: UserWarning: Pydantic serializer warnings:
  PydanticSerializationUnexpectedValue(Expected `tuple[float, float, float]` - serialized value may not be as expected [field_name='default_root_pos', input_value=[0.0, 0.0, 0.0], input_type=list])
  PydanticSerializationUnexpectedValue(Expected `tuple[float, float, float, float]` - serialized value may not be as expected [field_name='default_root_quat', input_value=[1.0, 0.0, 0.0, 0.0], input_type=list])
  PydanticSerializationUnexpectedValue(Expected `tuple[float, float, float]` - serialized value may not be as expected [field_name='size', input_value=[0.0624, 0.0624, 0.0624], input_type=list])
  return self.__pydantic_serializer__.to_python(
/workspace/tactile-genesis/dexterous-hands/.venv/lib/python3.12/site-packages/pydantic/main.py:475: UserWarning: Pydantic serializer warnings:
  PydanticSerializationUnexpectedValue(Expected `tuple[float, float, float]` - serialized value may not be as expected [field_name='default_root_pos', input_value=[0.0, 0.0, 0.0], input_type=list])
  PydanticSerializationUnexpectedValue(Expected `tuple[float, float, float, float]` - serialized value may not be as expected [field_name='default_root_quat', input_value=[1.0, 0.0, 0.0, 0.0], input_type=list])
  PydanticSerializationUnexpectedValue(Expected `tuple[float, float, float]` - serialized value may not be as expected [field_name='size', input_value=[0.0656, 0.0656, 0.0656], input_type=list])
  return self.__pydantic_serializer__.to_python(
/workspace/tactile-genesis/dexterous-hands/.venv/lib/python3.12/site-packages/pydantic/main.py:475: UserWarning: Pydantic serializer warnings:
  PydanticSerializationUnexpectedValue(Expected `tuple[float, float, float]` - serialized value may not be as expected [field_name='default_root_pos', input_value=[0.0, 0.0, 0.0], input_type=list])
  PydanticSerializationUnexpectedValue(Expected `tuple[float, float, float, float]` - serialized value may not be as expected [field_name='default_root_quat', input_value=[1.0, 0.0, 0.0, 0.0], input_type=list])
  PydanticSerializationUnexpectedValue(Expected `tuple[float, float, float]` - serialized value may not be as expected [field_name='size', input_value=[0.0688, 0.0688, 0.0688], input_type=list])
  return self.__pydantic_serializer__.to_python(
/workspace/tactile-genesis/dexterous-hands/.venv/lib/python3.12/site-packages/pydantic/main.py:475: UserWarning: Pydantic serializer warnings:
  PydanticSerializationUnexpectedValue(Expected `tuple[float, float, float]` - serialized value may not be as expected [field_name='default_root_pos', input_value=[0.0, 0.0, 0.0], input_type=list])
  PydanticSerializationUnexpectedValue(Expected `tuple[float, float, float, float]` - serialized value may not be as expected [field_name='default_root_quat', input_value=[1.0, 0.0, 0.0, 0.0], input_type=list])
  return self.__pydantic_serializer__.to_python(
/workspace/tactile-genesis/dexterous-hands/.venv/lib/python3.12/site-packages/pydantic/main.py:475: UserWarning: Pydantic serializer warnings:
  PydanticSerializationUnexpectedValue(Expected `tuple[float, float, float]` - serialized value may not be as expected [field_name='default_root_pos', input_value=[0.0, 0.0, 0.0], input_type=list])
  PydanticSerializationUnexpectedValue(Expected `tuple[float, float, float, float]` - serialized value may not be as expected [field_name='default_root_quat', input_value=[1.0, 0.0, 0.0, 0.0], input_type=list])
  PydanticSerializationUnexpectedValue(Expected `tuple[float, float, float]` - serialized value may not be as expected [field_name='size', input_value=[0.068, 0.062, 0.05], input_type=list])
  return self.__pydantic_serializer__.to_python(
/workspace/tactile-genesis/dexterous-hands/.venv/lib/python3.12/site-packages/pydantic/main.py:475: UserWarning: Pydantic serializer warnings:
  PydanticSerializationUnexpectedValue(Expected `SurfaceOptions` - serialized value may not be as expected [field_name='surface', input_value=[38;5;11m─────...[0m[38;5;121m: 0.0[0m
, input_type=Default])
  PydanticSerializationUnexpectedValue(Expected `Surface` - serialized value may not be as expected [field_name='surface', input_value=[38;5;11m─────...[0m[38;5;121m: 0.0[0m
, input_type=Default])
  PydanticSerializationUnexpectedValue(Expected `tuple[float, float, float, float]` - serialized value may not be as expected [field_name='color', input_value=[0.7, 0.7, 0.7, 0.7], input_type=list])
  PydanticSerializationUnexpectedValue(Expected `tuple[float, float, float]` - serialized value may not be as expected [field_name='default_root_pos', input_value=[0.0, 0.0, 0.0], input_type=list])
  PydanticSerializationUnexpectedValue(Expected `tuple[float, float, float, float]` - serialized value may not be as expected [field_name='default_root_quat', input_value=[1.0, 0.0, 0.0, 0.0], input_type=list])
  PydanticSerializationUnexpectedValue(Expected `EntityOptions` - serialized value may not be as expected [field_name='grouped_entities', input_value=[38;5;11m─────...;121m: 'BoxOptions'[0m
, input_type=BoxOptions])
  PydanticSerializationUnexpectedValue(Expected `PrimitiveOptions` - serialized value may not be as expected [field_name='grouped_entities', input_value=[38;5;11m─────...;121m: 'BoxOptions'[0m
, input_type=BoxOptions])
  PydanticSerializationUnexpectedValue(Expected `tuple[float, float, float]` - serialized value may not be as expected [field_name='default_root_pos', input_value=[0.0, 0.0, 0.0], input_type=list])
  PydanticSerializationUnexpectedValue(Expected `tuple[float, float, float, float]` - serialized value may not be as expected [field_name='default_root_quat', input_value=[1.0, 0.0, 0.0, 0.0], input_type=list])
  PydanticSerializationUnexpectedValue(Expected `tuple[float, float, float]` - serialized value may not be as expected [field_name='size', input_value=[0.056, 0.056, 0.056], input_type=list])
  PydanticSerializationUnexpectedValue(Expected `EntityOptions` - serialized value may not be as expected [field_name='grouped_entities', input_value=[38;5;11m─────...;121m: 'BoxOptions'[0m
, input_type=BoxOptions])
  PydanticSerializationUnexpectedValue(Expected `PrimitiveOptions` - serialized value may not be as expected [field_name='grouped_entities', input_value=[38;5;11m─────...;121m: 'BoxOptions'[0m
, input_type=BoxOptions])
  PydanticSerializationUnexpectedValue(Expected `tuple[float, float, float]` - serialized value may not be as expected [field_name='default_root_pos', input_value=[0.0, 0.0, 0.0], input_type=list])
  PydanticSerializationUnexpectedValue(Expected `tuple[float, float, float, float]` - serialized value may not be as expected [field_name='default_root_quat', input_value=[1.0, 0.0, 0.0, 0.0], input_type=list])
  PydanticSerializationUnexpectedValue(Expected `tuple[float, float, float]` - serialized value may not be as expected [field_name='size', input_value=[0.0592, 0.0592, 0.0592], input_type=list])
  PydanticSerializationUnexpectedValue(Expected `EntityOptions` - serialized value may not be as expected [field_name='grouped_entities', input_value=[38;5;11m─────...;121m: 'BoxOptions'[0m
, input_type=BoxOptions])
  PydanticSerializationUnexpectedValue(Expected `PrimitiveOptions` - serialized value may not be as expected [field_name='grouped_entities', input_value=[38;5;11m─────...;121m: 'BoxOptions'[0m
, input_type=BoxOptions])
  PydanticSerializationUnexpectedValue(Expected `tuple[float, float, float]` - serialized value may not be as expected [field_name='default_root_pos', input_value=[0.0, 0.0, 0.0], input_type=list])
  PydanticSerializationUnexpectedValue(Expected `tuple[float, float, float, float]` - serialized value may not be as expected [field_name='default_root_quat', input_value=[1.0, 0.0, 0.0, 0.0], input_type=list])
  PydanticSerializationUnexpectedValue(Expected `tuple[float, float, float]` - serialized value may not be as expected [field_name='size', input_value=[0.0624, 0.0624, 0.0624], input_type=list])
  PydanticSerializationUnexpectedValue(Expected `EntityOptions` - serialized value may not be as expected [field_name='grouped_entities', input_value=[38;5;11m─────...;121m: 'BoxOptions'[0m
, input_type=BoxOptions])
  PydanticSerializationUnexpectedValue(Expected `PrimitiveOptions` - serialized value may not be as expected [field_name='grouped_entities', input_value=[38;5;11m─────...;121m: 'BoxOptions'[0m
, input_type=BoxOptions])
  PydanticSerializationUnexpectedValue(Expected `tuple[float, float, float]` - serialized value may not be as expected [field_name='default_root_pos', input_value=[0.0, 0.0, 0.0], input_type=list])
  PydanticSerializationUnexpectedValue(Expected `tuple[float, float, float, float]` - serialized value may not be as expected [field_name='default_root_quat', input_value=[1.0, 0.0, 0.0, 0.0], input_type=list])
  PydanticSerializationUnexpectedValue(Expected `tuple[float, float, float]` - serialized value may not be as expected [field_name='size', input_value=[0.0656, 0.0656, 0.0656], input_type=list])
  PydanticSerializationUnexpectedValue(Expected `EntityOptions` - serialized value may not be as expected [field_name='grouped_entities', input_value=[38;5;11m─────...;121m: 'BoxOptions'[0m
, input_type=BoxOptions])
  PydanticSerializationUnexpectedValue(Expected `PrimitiveOptions` - serialized value may not be as expected [field_name='grouped_entities', input_value=[38;5;11m─────...;121m: 'BoxOptions'[0m
, input_type=BoxOptions])
  PydanticSerializationUnexpectedValue(Expected `tuple[float, float, float]` - serialized value may not be as expected [field_name='default_root_pos', input_value=[0.0, 0.0, 0.0], input_type=list])
  PydanticSerializationUnexpectedValue(Expected `tuple[float, float, float, float]` - serialized value may not be as expected [field_name='default_root_quat', input_value=[1.0, 0.0, 0.0, 0.0], input_type=list])
  PydanticSerializationUnexpectedValue(Expected `tuple[float, float, float]` - serialized value may not be as expected [field_name='size', input_value=[0.0688, 0.0688, 0.0688], input_type=list])
  PydanticSerializationUnexpectedValue(Expected `EntityOptions` - serialized value may not be as expected [field_name='grouped_entities', input_value=[38;5;11m─────...: 'CylinderOptions'[0m
, input_type=CylinderOptions])
  PydanticSerializationUnexpectedValue(Expected `PrimitiveOptions` - serialized value may not be as expected [field_name='grouped_entities', input_value=[38;5;11m─────...: 'CylinderOptions'[0m
, input_type=CylinderOptions])
  PydanticSerializationUnexpectedValue(Expected `tuple[float, float, float]` - serialized value may not be as expected [field_name='default_root_pos', input_value=[0.0, 0.0, 0.0], input_type=list])
  PydanticSerializationUnexpectedValue(Expected `tuple[float, float, float, float]` - serialized value may not be as expected [field_name='default_root_quat', input_value=[1.0, 0.0, 0.0, 0.0], input_type=list])
  PydanticSerializationUnexpectedValue(Expected `EntityOptions` - serialized value may not be as expected [field_name='grouped_entities', input_value=[38;5;11m─────...: 'CylinderOptions'[0m
, input_type=CylinderOptions])
  PydanticSerializationUnexpectedValue(Expected `PrimitiveOptions` - serialized value may not be as expected [field_name='grouped_entities', input_value=[38;5;11m─────...: 'CylinderOptions'[0m
, input_type=CylinderOptions])
  PydanticSerializationUnexpectedValue(Expected `tuple[float, float, float]` - serialized value may not be as expected [field_name='default_root_pos', input_value=[0.0, 0.0, 0.0], input_type=list])
  PydanticSerializationUnexpectedValue(Expected `tuple[float, float, float, float]` - serialized value may not be as expected [field_name='default_root_quat', input_value=[1.0, 0.0, 0.0, 0.0], input_type=list])
  PydanticSerializationUnexpectedValue(Expected `EntityOptions` - serialized value may not be as expected [field_name='grouped_entities', input_value=[38;5;11m─────...: 'CylinderOptions'[0m
, input_type=CylinderOptions])
  PydanticSerializationUnexpectedValue(Expected `PrimitiveOptions` - serialized value may not be as expected [field_name='grouped_entities', input_value=[38;5;11m─────...: 'CylinderOptions'[0m
, input_type=CylinderOptions])
  PydanticSerializationUnexpectedValue(Expected `tuple[float, float, float]` - serialized value may not be as expected [field_name='default_root_pos', input_value=[0.0, 0.0, 0.0], input_type=list])
  PydanticSerializationUnexpectedValue(Expected `tuple[float, float, float, float]` - serialized value may not be as expected [field_name='default_root_quat', input_value=[1.0, 0.0, 0.0, 0.0], input_type=list])
  PydanticSerializationUnexpectedValue(Expected `EntityOptions` - serialized value may not be as expected [field_name='grouped_entities', input_value=[38;5;11m─────...1m: 'SphereOptions'[0m
, input_type=SphereOptions])
  PydanticSerializationUnexpectedValue(Expected `PrimitiveOptions` - serialized value may not be as expected [field_name='grouped_entities', input_value=[38;5;11m─────...1m: 'SphereOptions'[0m
, input_type=SphereOptions])
  PydanticSerializationUnexpectedValue(Expected `tuple[float, float, float]` - serialized value may not be as expected [field_name='default_root_pos', input_value=[0.0, 0.0, 0.0], input_type=list])
  PydanticSerializationUnexpectedValue(Expected `tuple[float, float, float, float]` - serialized value may not be as expected [field_name='default_root_quat', input_value=[1.0, 0.0, 0.0, 0.0], input_type=list])
  PydanticSerializationUnexpectedValue(Expected `EntityOptions` - serialized value may not be as expected [field_name='grouped_entities', input_value=[38;5;11m─────...1m: 'SphereOptions'[0m
, input_type=SphereOptions])
  PydanticSerializationUnexpectedValue(Expected `PrimitiveOptions` - serialized value may not be as expected [field_name='grouped_entities', input_value=[38;5;11m─────...1m: 'SphereOptions'[0m
, input_type=SphereOptions])
  PydanticSerializationUnexpectedValue(Expected `tuple[float, float, float]` - serialized value may not be as expected [field_name='default_root_pos', input_value=[0.0, 0.0, 0.0], input_type=list])
  PydanticSerializationUnexpectedValue(Expected `tuple[float, float, float, float]` - serialized value may not be as expected [field_name='default_root_quat', input_value=[1.0, 0.0, 0.0, 0.0], input_type=list])
  PydanticSerializationUnexpectedValue(Expected `EntityOptions` - serialized value may not be as expected [field_name='grouped_entities', input_value=[38;5;11m─────...;121m: 'BoxOptions'[0m
, input_type=BoxOptions])
  PydanticSerializationUnexpectedValue(Expected `PrimitiveOptions` - serialized value may not be as expected [field_name='grouped_entities', input_value=[38;5;11m─────...;121m: 'BoxOptions'[0m
, input_type=BoxOptions])
  PydanticSerializationUnexpectedValue(Expected `tuple[float, float, float]` - serialized value may not be as expected [field_name='default_root_pos', input_value=[0.0, 0.0, 0.0], input_type=list])
  PydanticSerializationUnexpectedValue(Expected `tuple[float, float, float, float]` - serialized value may not be as expected [field_name='default_root_quat', input_value=[1.0, 0.0, 0.0, 0.0], input_type=list])
  PydanticSerializationUnexpectedValue(Expected `tuple[float, float, float]` - serialized value may not be as expected [field_name='size', input_value=[0.068, 0.062, 0.05], input_type=list])
  return self.__pydantic_serializer__.to_python(
[38;5;226m[Eden 🍏] [10:02:05] [WARNING] `is_fixed_base=True` is not supported for MJCF entities ('/workspace/tactile-genesis/dexterous-hands/src/assets/hands/allegro/xela_v4/right_hand.xml'); Genesis does not expose a `fixed` parameter on `gs.morphs.MJCF`. The flag will be ignored and the root joint declared in the MJCF (typically `<freejoint/>`) will be used as-is. To pin the base, edit the MJCF to remove the freejoint, or convert the asset to URDF.[0m
/workspace/tactile-genesis/dexterous-hands/.venv/lib/python3.12/site-packages/pydantic/main.py:475: UserWarning: Pydantic serializer warnings:
  PydanticSerializationUnexpectedValue(Expected `tuple[float, float, float]` - serialized value may not be as expected [field_name='default_root_pos', input_value=[0.0, 0.0, 0.35], input_type=list])
  PydanticSerializationUnexpectedValue(Expected `tuple[float, float, float, float]` - serialized value may not be as expected [field_name='default_root_quat', input_value=[0.5000000000000001, 0.5,...0.5, 0.4999999999999999], input_type=list])
  PydanticSerializationUnexpectedValue(Expected `tuple[int, int, int]` - serialized value may not be as expected [field_name='up', input_value=[0, 0, 1], input_type=list])
  PydanticSerializationUnexpectedValue(Expected `tuple[int, int, int]` - serialized value may not be as expected [field_name='front', input_value=[1, 0, 0], input_type=list])
  PydanticSerializationUnexpectedValue(Expected `tuple[float, float, float]` - serialized value may not be as expected [field_name='forward_vec', input_value=[1, 0, 0], input_type=list])
  return self.__pydantic_serializer__.to_python(
/workspace/tactile-genesis/dexterous-hands/.venv/lib/python3.12/site-packages/pydantic/main.py:475: UserWarning: Pydantic serializer warnings:
  PydanticSerializationUnexpectedValue(Expected `tuple[float, float, float]` - serialized value may not be as expected [field_name='cam_pos', input_value=[0.42, -0.4, 0.7], input_type=list])
  PydanticSerializationUnexpectedValue(Expected `tuple[float, float, float]` - serialized value may not be as expected [field_name='cam_lookat', input_value=[0.03, -0.02, 0.44], input_type=list])
  PydanticSerializationUnexpectedValue(Expected `tuple[int, int]` - serialized value may not be as expected [field_name='cam_resolution', input_value=[720, 480], input_type=list])
  PydanticSerializationUnexpectedValue(Expected `tuple[float, float, float]` - serialized value may not be as expected [field_name='cam_up', input_value=[0.0, 0.0, 1.0], input_type=list])
  return self.__pydantic_serializer__.to_python(
[38;5;159m[Genesis] [10:02:05] [INFO] Adding [38;5;121m<gs.engine.entities.RigidEntity>[0m[38;5;159m. idx: [38;5;121m0[0m[38;5;159m, uid: [38;5;121m[3m<f22610d>[0m[38;5;159m, morph: [38;5;121m<gs.morphs.Box>[0m[38;5;159m, material: [38;5;121m<gs.materials.Rigid>[0m[38;5;159m.[0m
[38;5;226m[Genesis] [10:02:09] [WARNING] Mesh is not watertight. Falling back to convex hull for estimating inertial properties.[0m
[38;5;226m[Genesis] [10:02:09] [WARNING] Mesh is not watertight. Falling back to convex hull for estimating inertial properties.[0m
[38;5;159m[Genesis] [10:02:09] [INFO] Adding [38;5;121m<gs.engine.entities.RigidEntity>[0m[38;5;159m. idx: [38;5;121m1[0m[38;5;159m, uid: [38;5;121m[3m<0c2802a>[0m[38;5;159m, morph: [38;5;121m<gs.morphs.MJCF(file='/workspace/tactile-genesis/dexterous-hands/src/assets/hands/allegro/xela_v4/right_hand.xml')>[0m[38;5;159m, material: [38;5;121m<gs.materials.Rigid>[0m[38;5;159m.[0m
[38;5;159m[Genesis] [10:02:09] [INFO] Building scene [38;5;121m[3m<c8f6cbf>[0m[38;5;159m...[0m
[38;5;226m[Genesis] [10:02:10] [WARNING] Neutral robot position (qpos0) exceeds joint limits.[0m
[38;5;226m[Genesis] [10:02:14] [WARNING] Filtered out geometry pairs causing self-collision for the neutral configuration (qpos0): (21, 24), (31, 34), (41, 44). Consider tuning Morph option 'decompose_robot_error_threshold' or specify dedicated collision meshes. This behavior can be disabled by setting Morph option 'enable_neutral_collision=True'.[0m
[38;5;159m[Genesis] [10:02:22] [INFO] Preprocessing geom idx [38;5;121m[4m0[0m[38;5;159m.[0m
[38;5;159m[Genesis] [10:02:22] [INFO] Preprocessing geom idx [38;5;121m[4m1[0m[38;5;159m.[0m
[38;5;159m[Genesis] [10:02:22] [INFO] Preprocessing geom idx [38;5;121m[4m2[0m[38;5;159m.[0m
[38;5;159m[Genesis] [10:02:23] [INFO] Preprocessing geom idx [38;5;121m[4m3[0m[38;5;159m.[0m
[38;5;159m[Genesis] [10:02:23] [INFO] Preprocessing geom idx [38;5;121m[4m4[0m[38;5;159m.[0m
[38;5;159m[Genesis] [10:02:23] [INFO] Preprocessing geom idx [38;5;121m[4m5[0m[38;5;159m.[0m
[38;5;159m[Genesis] [10:02:23] [INFO] Preprocessing geom idx [38;5;121m[4m6[0m[38;5;159m.[0m
[38;5;159m[Genesis] [10:02:23] [INFO] Preprocessing geom idx [38;5;121m[4m7[0m[38;5;159m.[0m
[38;5;159m[Genesis] [10:02:23] [INFO] Preprocessing geom idx [38;5;121m[4m8[0m[38;5;159m.[0m
[38;5;159m[Genesis] [10:02:23] [INFO] Preprocessing geom idx [38;5;121m[4m9[0m[38;5;159m.[0m
[38;5;159m[Genesis] [10:02:23] [INFO] Preprocessing geom idx [38;5;121m[4m10[0m[38;5;159m.[0m
[38;5;159m[Genesis] [10:02:30] [INFO] Compiling simulation kernels...[0m
[38;5;159m[Genesis] [10:03:34] [INFO] Building visualizer...[0m
[38;5;159m[Genesis] [10:03:35] [INFO] Raytracer and Rasterizer requires binding to the camera with a specific environment index. Defaulting to 'rendered_envs_idx[0]'. Please specify 'env_idx' if necessary.[0m
/workspace/tactile-genesis/dexterous-hands/.venv/lib/python3.12/site-packages/pydantic/main.py:475: UserWarning: Pydantic serializer warnings:
  PydanticSerializationUnexpectedValue(Expected `tuple[float, float]` - serialized value may not be as expected [field_name='resampling_time_range', input_value=[999.0, 999.0], input_type=list])
  return self.__pydantic_serializer__.to_python(
/workspace/tactile-genesis/dexterous-hands/.venv/lib/python3.12/site-packages/pydantic/main.py:475: UserWarning: Pydantic serializer warnings:
  PydanticSerializationUnexpectedValue(Expected `enum` - serialized value may not be as expected [field_name='direction', input_value='hib', input_type=str])
  PydanticSerializationUnexpectedValue(Expected `enum` - serialized value may not be as expected [field_name='metric_mode', input_value='reset', input_type=str])
  return self.__pydantic_serializer__.to_python(
/workspace/tactile-genesis/dexterous-hands/.venv/lib/python3.12/site-packages/pydantic/main.py:475: UserWarning: Pydantic serializer warnings:
  PydanticSerializationUnexpectedValue(Expected `enum` - serialized value may not be as expected [field_name='direction', input_value='hib', input_type=str])
  PydanticSerializationUnexpectedValue(Expected `enum` - serialized value may not be as expected [field_name='metric_mode', input_value='interval', input_type=str])
  return self.__pydantic_serializer__.to_python(
/workspace/tactile-genesis/dexterous-hands/.venv/lib/python3.12/site-packages/pydantic/main.py:475: UserWarning: Pydantic serializer warnings:
  PydanticSerializationUnexpectedValue(Expected `tuple[float, float]` - serialized value may not be as expected [field_name='env_spacing', input_value=[0.3, 0.25], input_type=list])
  PydanticSerializationUnexpectedValue(Expected `tuple[float, float, float]` - serialized value may not be as expected [field_name='background_color', input_value=[0.04, 0.08, 0.12], input_type=list])
  return self.__pydantic_serializer__.to_python(
/workspace/tactile-genesis/dexterous-hands/.venv/lib/python3.12/site-packages/pydantic/main.py:475: UserWarning: Pydantic serializer warnings:
  PydanticSerializationUnexpectedValue(Expected `SurfaceOptions` - serialized value may not be as expected [field_name='surface', input_value=[38;5;11m─────...[0m[38;5;121m: 0.0[0m
, input_type=Default])
  PydanticSerializationUnexpectedValue(Expected `Surface` - serialized value may not be as expected [field_name='surface', input_value=[38;5;11m─────...[0m[38;5;121m: 0.0[0m
, input_type=Default])
  PydanticSerializationUnexpectedValue(Expected `tuple[float, float, float, float]` - serialized value may not be as expected [field_name='color', input_value=[0.7, 0.7, 0.7, 0.7], input_type=list])
  PydanticSerializationUnexpectedValue(Expected `tuple[float, float, float]` - serialized value may not be as expected [field_name='default_root_pos', input_value=[0.0, 0.0, 0.0], input_type=list])
  PydanticSerializationUnexpectedValue(Expected `tuple[float, float, float, float]` - serialized value may not be as expected [field_name='default_root_quat', input_value=[1.0, 0.0, 0.0, 0.0], input_type=list])
  PydanticSerializationUnexpectedValue(Expected `EntityOptions` - serialized value may not be as expected [field_name='grouped_entities', input_value=[38;5;11m─────...;121m: 'BoxOptions'[0m
, input_type=BoxOptions])
  PydanticSerializationUnexpectedValue(Expected `PrimitiveOptions` - serialized value may not be as expected [field_name='grouped_entities', input_value=[38;5;11m─────...;121m: 'BoxOptions'[0m
, input_type=BoxOptions])
  PydanticSerializationUnexpectedValue(Expected `tuple[float, float, float]` - serialized value may not be as expected [field_name='default_root_pos', input_value=[0.0, 0.0, 0.0], input_type=list])
  PydanticSerializationUnexpectedValue(Expected `tuple[float, float, float, float]` - serialized value may not be as expected [field_name='default_root_quat', input_value=[1.0, 0.0, 0.0, 0.0], input_type=list])
  PydanticSerializationUnexpectedValue(Expected `tuple[float, float, float]` - serialized value may not be as expected [field_name='size', input_value=[0.056, 0.056, 0.056], input_type=list])
  PydanticSerializationUnexpectedValue(Expected `EntityOptions` - serialized value may not be as expected [field_name='grouped_entities', input_value=[38;5;11m─────...;121m: 'BoxOptions'[0m
, input_type=BoxOptions])
  PydanticSerializationUnexpectedValue(Expected `PrimitiveOptions` - serialized value may not be as expected [field_name='grouped_entities', input_value=[38;5;11m─────...;121m: 'BoxOptions'[0m
, input_type=BoxOptions])
  PydanticSerializationUnexpectedValue(Expected `tuple[float, float, float]` - serialized value may not be as expected [field_name='default_root_pos', input_value=[0.0, 0.0, 0.0], input_type=list])
  PydanticSerializationUnexpectedValue(Expected `tuple[float, float, float, float]` - serialized value may not be as expected [field_name='default_root_quat', input_value=[1.0, 0.0, 0.0, 0.0], input_type=list])
  PydanticSerializationUnexpectedValue(Expected `tuple[float, float, float]` - serialized value may not be as expected [field_name='size', input_value=[0.0592, 0.0592, 0.0592], input_type=list])
  PydanticSerializationUnexpectedValue(Expected `EntityOptions` - serialized value may not be as expected [field_name='grouped_entities', input_value=[38;5;11m─────...;121m: 'BoxOptions'[0m
, input_type=BoxOptions])
  PydanticSerializationUnexpectedValue(Expected `PrimitiveOptions` - serialized value may not be as expected [field_name='grouped_entities', input_value=[38;5;11m─────...;121m: 'BoxOptions'[0m
, input_type=BoxOptions])
  PydanticSerializationUnexpectedValue(Expected `tuple[float, float, float]` - serialized value may not be as expected [field_name='default_root_pos', input_value=[0.0, 0.0, 0.0], input_type=list])
  PydanticSerializationUnexpectedValue(Expected `tuple[float, float, float, float]` - serialized value may not be as expected [field_name='default_root_quat', input_value=[1.0, 0.0, 0.0, 0.0], input_type=list])
  PydanticSerializationUnexpectedValue(Expected `tuple[float, float, float]` - serialized value may not be as expected [field_name='size', input_value=[0.0624, 0.0624, 0.0624], input_type=list])
  PydanticSerializationUnexpectedValue(Expected `EntityOptions` - serialized value may not be as expected [field_name='grouped_entities', input_value=[38;5;11m─────...;121m: 'BoxOptions'[0m
, input_type=BoxOptions])
  PydanticSerializationUnexpectedValue(Expected `PrimitiveOptions` - serialized value may not be as expected [field_name='grouped_entities', input_value=[38;5;11m─────...;121m: 'BoxOptions'[0m
, input_type=BoxOptions])
  PydanticSerializationUnexpectedValue(Expected `tuple[float, float, float]` - serialized value may not be as expected [field_name='default_root_pos', input_value=[0.0, 0.0, 0.0], input_type=list])
  PydanticSerializationUnexpectedValue(Expected `tuple[float, float, float, float]` - serialized value may not be as expected [field_name='default_root_quat', input_value=[1.0, 0.0, 0.0, 0.0], input_type=list])
  PydanticSerializationUnexpectedValue(Expected `tuple[float, float, float]` - serialized value may not be as expected [field_name='size', input_value=[0.0656, 0.0656, 0.0656], input_type=list])
  PydanticSerializationUnexpectedValue(Expected `EntityOptions` - serialized value may not be as expected [field_name='grouped_entities', input_value=[38;5;11m─────...;121m: 'BoxOptions'[0m
, input_type=BoxOptions])
  PydanticSerializationUnexpectedValue(Expected `PrimitiveOptions` - serialized value may not be as expected [field_name='grouped_entities', input_value=[38;5;11m─────...;121m: 'BoxOptions'[0m
, input_type=BoxOptions])
  PydanticSerializationUnexpectedValue(Expected `tuple[float, float, float]` - serialized value may not be as expected [field_name='default_root_pos', input_value=[0.0, 0.0, 0.0], input_type=list])
  PydanticSerializationUnexpectedValue(Expected `tuple[float, float, float, float]` - serialized value may not be as expected [field_name='default_root_quat', input_value=[1.0, 0.0, 0.0, 0.0], input_type=list])
  PydanticSerializationUnexpectedValue(Expected `tuple[float, float, float]` - serialized value may not be as expected [field_name='size', input_value=[0.0688, 0.0688, 0.0688], input_type=list])
  PydanticSerializationUnexpectedValue(Expected `EntityOptions` - serialized value may not be as expected [field_name='grouped_entities', input_value=[38;5;11m─────...: 'CylinderOptions'[0m
, input_type=CylinderOptions])
  PydanticSerializationUnexpectedValue(Expected `PrimitiveOptions` - serialized value may not be as expected [field_name='grouped_entities', input_value=[38;5;11m─────...: 'CylinderOptions'[0m
, input_type=CylinderOptions])
  PydanticSerializationUnexpectedValue(Expected `tuple[float, float, float]` - serialized value may not be as expected [field_name='default_root_pos', input_value=[0.0, 0.0, 0.0], input_type=list])
  PydanticSerializationUnexpectedValue(Expected `tuple[float, float, float, float]` - serialized value may not be as expected [field_name='default_root_quat', input_value=[1.0, 0.0, 0.0, 0.0], input_type=list])
  PydanticSerializationUnexpectedValue(Expected `EntityOptions` - serialized value may not be as expected [field_name='grouped_entities', input_value=[38;5;11m─────...: 'CylinderOptions'[0m
, input_type=CylinderOptions])
  PydanticSerializationUnexpectedValue(Expected `PrimitiveOptions` - serialized value may not be as expected [field_name='grouped_entities', input_value=[38;5;11m─────...: 'CylinderOptions'[0m
, input_type=CylinderOptions])
  PydanticSerializationUnexpectedValue(Expected `tuple[float, float, float]` - serialized value may not be as expected [field_name='default_root_pos', input_value=[0.0, 0.0, 0.0], input_type=list])
  PydanticSerializationUnexpectedValue(Expected `tuple[float, float, float, float]` - serialized value may not be as expected [field_name='default_root_quat', input_value=[1.0, 0.0, 0.0, 0.0], input_type=list])
  PydanticSerializationUnexpectedValue(Expected `EntityOptions` - serialized value may not be as expected [field_name='grouped_entities', input_value=[38;5;11m─────...: 'CylinderOptions'[0m
, input_type=CylinderOptions])
  PydanticSerializationUnexpectedValue(Expected `PrimitiveOptions` - serialized value may not be as expected [field_name='grouped_entities', input_value=[38;5;11m─────...: 'CylinderOptions'[0m
, input_type=CylinderOptions])
  PydanticSerializationUnexpectedValue(Expected `tuple[float, float, float]` - serialized value may not be as expected [field_name='default_root_pos', input_value=[0.0, 0.0, 0.0], input_type=list])
  PydanticSerializationUnexpectedValue(Expected `tuple[float, float, float, float]` - serialized value may not be as expected [field_name='default_root_quat', input_value=[1.0, 0.0, 0.0, 0.0], input_type=list])
  PydanticSerializationUnexpectedValue(Expected `EntityOptions` - serialized value may not be as expected [field_name='grouped_entities', input_value=[38;5;11m─────...1m: 'SphereOptions'[0m
, input_type=SphereOptions])
  PydanticSerializationUnexpectedValue(Expected `PrimitiveOptions` - serialized value may not be as expected [field_name='grouped_entities', input_value=[38;5;11m─────...1m: 'SphereOptions'[0m
, input_type=SphereOptions])
  PydanticSerializationUnexpectedValue(Expected `tuple[float, float, float]` - serialized value may not be as expected [field_name='default_root_pos', input_value=[0.0, 0.0, 0.0], input_type=list])
  PydanticSerializationUnexpectedValue(Expected `tuple[float, float, float, float]` - serialized value may not be as expected [field_name='default_root_quat', input_value=[1.0, 0.0, 0.0, 0.0], input_type=list])
  PydanticSerializationUnexpectedValue(Expected `EntityOptions` - serialized value may not be as expected [field_name='grouped_entities', input_value=[38;5;11m─────...1m: 'SphereOptions'[0m
, input_type=SphereOptions])
  PydanticSerializationUnexpectedValue(Expected `PrimitiveOptions` - serialized value may not be as expected [field_name='grouped_entities', input_value=[38;5;11m─────...1m: 'SphereOptions'[0m
, input_type=SphereOptions])
  PydanticSerializationUnexpectedValue(Expected `tuple[float, float, float]` - serialized value may not be as expected [field_name='default_root_pos', input_value=[0.0, 0.0, 0.0], input_type=list])
  PydanticSerializationUnexpectedValue(Expected `tuple[float, float, float, float]` - serialized value may not be as expected [field_name='default_root_quat', input_value=[1.0, 0.0, 0.0, 0.0], input_type=list])
  PydanticSerializationUnexpectedValue(Expected `EntityOptions` - serialized value may not be as expected [field_name='grouped_entities', input_value=[38;5;11m─────...;121m: 'BoxOptions'[0m
, input_type=BoxOptions])
  PydanticSerializationUnexpectedValue(Expected `PrimitiveOptions` - serialized value may not be as expected [field_name='grouped_entities', input_value=[38;5;11m─────...;121m: 'BoxOptions'[0m
, input_type=BoxOptions])
  PydanticSerializationUnexpectedValue(Expected `tuple[float, float, float]` - serialized value may not be as expected [field_name='default_root_pos', input_value=[0.0, 0.0, 0.0], input_type=list])
  PydanticSerializationUnexpectedValue(Expected `tuple[float, float, float, float]` - serialized value may not be as expected [field_name='default_root_quat', input_value=[1.0, 0.0, 0.0, 0.0], input_type=list])
  PydanticSerializationUnexpectedValue(Expected `tuple[float, float, float]` - serialized value may not be as expected [field_name='size', input_value=[0.068, 0.062, 0.05], input_type=list])
  PydanticSerializationUnexpectedValue(Expected `tuple[float, float, float]` - serialized value may not be as expected [field_name='default_root_pos', input_value=[0.0, 0.0, 0.35], input_type=list])
  PydanticSerializationUnexpectedValue(Expected `tuple[float, float, float, float]` - serialized value may not be as expected [field_name='default_root_quat', input_value=[0.5000000000000001, 0.5,...0.5, 0.4999999999999999], input_type=list])
  PydanticSerializationUnexpectedValue(Expected `tuple[int, int, int]` - serialized value may not be as expected [field_name='up', input_value=[0, 0, 1], input_type=list])
  PydanticSerializationUnexpectedValue(Expected `tuple[int, int, int]` - serialized value may not be as expected [field_name='front', input_value=[1, 0, 0], input_type=list])
  PydanticSerializationUnexpectedValue(Expected `tuple[float, float, float]` - serialized value may not be as expected [field_name='forward_vec', input_value=[1, 0, 0], input_type=list])
  return self.__pydantic_serializer__.to_python(
/workspace/tactile-genesis/dexterous-hands/.venv/lib/python3.12/site-packages/pydantic/main.py:475: UserWarning: Pydantic serializer warnings:
  PydanticSerializationUnexpectedValue(Expected `tuple[float, float, float, float]` - serialized value may not be as expected [field_name='color', input_value=[0.7, 0.7, 0.7, 0.7], input_type=list])
  return self.__pydantic_serializer__.to_python(
/workspace/tactile-genesis/dexterous-hands/.venv/lib/python3.12/site-packages/pydantic/main.py:475: UserWarning: Pydantic serializer warnings:
  PydanticSerializationUnexpectedValue(Expected `tuple[float, ...]` - serialized value may not be as expected [field_name='color', input_value=[1.0, 0.3, 0.2], input_type=list])
  return self.__pydantic_serializer__.to_python(
/workspace/tactile-genesis/dexterous-hands/.venv/lib/python3.12/site-packages/pydantic/main.py:475: UserWarning: Pydantic serializer warnings:
  PydanticSerializationUnexpectedValue(Expected `tuple[float, ...]` - serialized value may not be as expected [field_name='color', input_value=[1.0], input_type=list])
  return self.__pydantic_serializer__.to_python(
/workspace/tactile-genesis/dexterous-hands/.venv/lib/python3.12/site-packages/pydantic/main.py:475: UserWarning: Pydantic serializer warnings:
  PydanticSerializationUnexpectedValue(Expected `enum` - serialized value may not be as expected [field_name='operation', input_value='add', input_type=str])
  PydanticSerializationUnexpectedValue(Expected `enum` - serialized value may not be as expected [field_name='operation', input_value='add', input_type=str])
  return self.__pydantic_serializer__.to_python(
/workspace/tactile-genesis/dexterous-hands/.venv/lib/python3.12/site-packages/pydantic/main.py:475: UserWarning: Pydantic serializer warnings:
  PydanticSerializationUnexpectedValue(Expected `enum` - serialized value may not be as expected [field_name='operation', input_value='add', input_type=str])
  return self.__pydantic_serializer__.to_python(
/workspace/tactile-genesis/dexterous-hands/.venv/lib/python3.12/site-packages/pydantic/main.py:475: UserWarning: Pydantic serializer warnings:
  PydanticSerializationUnexpectedValue(Expected `enum` - serialized value may not be as expected [field_name='mode', input_value='reset', input_type=str])
  PydanticSerializationUnexpectedValue(Expected `enum` - serialized value may not be as expected [field_name='mode', input_value='reset', input_type=str])
  PydanticSerializationUnexpectedValue(Expected `enum` - serialized value may not be as expected [field_name='mode', input_value='reset', input_type=str])
  PydanticSerializationUnexpectedValue(Expected `enum` - serialized value may not be as expected [field_name='mode', input_value='interval', input_type=str])
  PydanticSerializationUnexpectedValue(Expected `tuple[float, float]` - serialized value may not be as expected [field_name='interval_range_s', input_value=[2.0, 4.0], input_type=list])
  PydanticSerializationUnexpectedValue(Expected `enum` - serialized value may not be as expected [field_name='mode', input_value='reset', input_type=str])
  PydanticSerializationUnexpectedValue(Expected `enum` - serialized value may not be as expected [field_name='mode', input_value='reset', input_type=str])
  PydanticSerializationUnexpectedValue(Expected `enum` - serialized value may not be as expected [field_name='mode', input_value='reset', input_type=str])
  PydanticSerializationUnexpectedValue(Expected `enum` - serialized value may not be as expected [field_name='mode', input_value='reset', input_type=str])
  PydanticSerializationUnexpectedValue(Expected `enum` - serialized value may not be as expected [field_name='mode', input_value='reset', input_type=str])
  PydanticSerializationUnexpectedValue(Expected `enum` - serialized value may not be as expected [field_name='mode', input_value='interval', input_type=str])
  PydanticSerializationUnexpectedValue(Expected `tuple[float, float]` - serialized value may not be as expected [field_name='interval_range_s', input_value=[0.005, 0.005], input_type=list])
  return self.__pydantic_serializer__.to_python(
/workspace/tactile-genesis/dexterous-hands/.venv/lib/python3.12/site-packages/pydantic/main.py:475: UserWarning: Pydantic serializer warnings:
  PydanticSerializationUnexpectedValue(Expected `enum` - serialized value may not be as expected [field_name='mode', input_value='reset', input_type=str])
  return self.__pydantic_serializer__.to_python(
/workspace/tactile-genesis/dexterous-hands/.venv/lib/python3.12/site-packages/pydantic/main.py:475: UserWarning: Pydantic serializer warnings:
  PydanticSerializationUnexpectedValue(Expected `enum` - serialized value may not be as expected [field_name='mode', input_value='interval', input_type=str])
  PydanticSerializationUnexpectedValue(Expected `tuple[float, float]` - serialized value may not be as expected [field_name='interval_range_s', input_value=[2.0, 4.0], input_type=list])
  return self.__pydantic_serializer__.to_python(
/workspace/tactile-genesis/dexterous-hands/.venv/lib/python3.12/site-packages/pydantic/main.py:475: UserWarning: Pydantic serializer warnings:
  PydanticSerializationUnexpectedValue(Expected `enum` - serialized value may not be as expected [field_name='mode', input_value='interval', input_type=str])
  PydanticSerializationUnexpectedValue(Expected `tuple[float, float]` - serialized value may not be as expected [field_name='interval_range_s', input_value=[0.005, 0.005], input_type=list])
  return self.__pydantic_serializer__.to_python(
/workspace/tactile-genesis/dexterous-hands/.venv/lib/python3.12/site-packages/pydantic/main.py:475: UserWarning: Pydantic serializer warnings:
  PydanticSerializationUnexpectedValue(Expected `tuple[float, float, float]` - serialized value may not be as expected [field_name='resolution', input_value=[0.0, 0.0, 0.0], input_type=list])
  PydanticSerializationUnexpectedValue(Expected `tuple[float, float, float]` - serialized value may not be as expected [field_name='pos_offset', input_value=[0.0, 0.0, 0.0], input_type=list])
  PydanticSerializationUnexpectedValue(Expected `tuple[float, float, float]` - serialized value may not be as expected [field_name='euler_offset', input_value=[0.0, 0.0, 0.0], input_type=list])
  PydanticSerializationUnexpectedValue(Expected `tuple[int, ...]` - serialized value may not be as expected [field_name='filter_link_idx', input_value=[], input_type=list])
  PydanticSerializationUnexpectedValue(Expected `tuple[float, float, float]` - serialized value may not be as expected [field_name='min_force', input_value=[0.0, 0.0, 0.0], input_type=list])
  PydanticSerializationUnexpectedValue(Expected `tuple[float, float, float]` - serialized value may not be as expected [field_name='max_force', input_value=[inf, inf, inf], input_type=list])
  PydanticSerializationUnexpectedValue(Expected `tuple[float, float, float, float]` - serialized value may not be as expected [field_name='debug_color', input_value=[1.0, 0.0, 1.0, 0.5], input_type=list])
  return self.__pydantic_serializer__.to_python(
/workspace/tactile-genesis/dexterous-hands/.venv/lib/python3.12/site-packages/pydantic/main.py:475: UserWarning: Pydantic serializer warnings:
  PydanticSerializationUnexpectedValue(Expected `tuple[tuple[float, float, float], ...]` - serialized value may not be as expected [field_name='probe_local_pos', input_value=[[3.205e-05, 0.01704531, 0.02846424]], input_type=list])
  PydanticSerializationUnexpectedValue(Expected `tuple[tuple[tuple[float, float, float], ...], ...]` - serialized value may not be as expected [field_name='probe_local_pos', input_value=[[3.205e-05, 0.01704531, 0.02846424]], input_type=list])
  PydanticSerializationUnexpectedValue(Expected `tuple[float, float, float]` - serialized value may not be as expected [field_name='debug_probe_color', input_value=[0.2, 0.4, 1.0], input_type=list])
  PydanticSerializationUnexpectedValue(Expected `tuple[float, float, float]` - serialized value may not be as expected [field_name='pos_offset', input_value=[0.0, 0.0, 0.0], input_type=list])
  PydanticSerializationUnexpectedValue(Expected `tuple[float, float, float]` - serialized value may not be as expected [field_name='euler_offset', input_value=[0.0, 0.0, 0.0], input_type=list])
  return self.__pydantic_serializer__.to_python(
/workspace/tactile-genesis/dexterous-hands/.venv/lib/python3.12/site-packages/pydantic/main.py:475: UserWarning: Pydantic serializer warnings:
  PydanticSerializationUnexpectedValue(Expected `tuple[float, float, float]` - serialized value may not be as expected [field_name='resolution', input_value=[0.0, 0.0, 0.0], input_type=list])
  PydanticSerializationUnexpectedValue(Expected `tuple[float, float, float]` - serialized value may not be as expected [field_name='pos_offset', input_value=[0.0, 0.0, 0.0], input_type=list])
  PydanticSerializationUnexpectedValue(Expected `tuple[float, float, float]` - serialized value may not be as expected [field_name='euler_offset', input_value=[0.0, 0.0, 0.0], input_type=list])
  PydanticSerializationUnexpectedValue(Expected `tuple[int, ...]` - serialized value may not be as expected [field_name='filter_link_idx', input_value=[], input_type=list])
  PydanticSerializationUnexpectedValue(Expected `tuple[float, float, float]` - serialized value may not be as expected [field_name='min_force', input_value=[0.0, 0.0, 0.0], input_type=list])
  PydanticSerializationUnexpectedValue(Expected `tuple[float, float, float]` - serialized value may not be as expected [field_name='max_force', input_value=[10.0, 10.0, 10.0], input_type=list])
  PydanticSerializationUnexpectedValue(Expected `tuple[float, float, float, float]` - serialized value may not be as expected [field_name='debug_color', input_value=[1.0, 0.0, 1.0, 0.5], input_type=list])
  return self.__pydantic_serializer__.to_python(
/workspace/tactile-genesis/dexterous-hands/.venv/lib/python3.12/site-packages/pydantic/main.py:475: UserWarning: Pydantic serializer warnings:
  PydanticSerializationUnexpectedValue(Expected `tuple[tuple[float, float, float], ...]` - serialized value may not be as expected [field_name='probe_local_pos', input_value=[[[0.01024104, 0.02650436... 0.00499652, 0.004998]]], input_type=list])
  PydanticSerializationUnexpectedValue(Expected `tuple[tuple[tuple[float, float, float], ...], ...]` - serialized value may not be as expected [field_name='probe_local_pos', input_value=[[[0.01024104, 0.02650436... 0.00499652, 0.004998]]], input_type=list])
  PydanticSerializationUnexpectedValue(Expected `tuple[float, float, float]` - serialized value may not be as expected [field_name='debug_probe_color', input_value=[0.4, 0.7, 1.0], input_type=list])
  PydanticSerializationUnexpectedValue(Expected `tuple[float, float, float]` - serialized value may not be as expected [field_name='debug_contact_color', input_value=[1.0, 0.4, 0.4], input_type=list])
  PydanticSerializationUnexpectedValue(Expected `tuple[float, float]` - serialized value may not be as expected [field_name='dead_taxel_value_range', input_value=[0.0, 0.0], input_type=list])
  PydanticSerializationUnexpectedValue(Expected `tuple[float, float, float]` - serialized value may not be as expected [field_name='pos_offset', input_value=[0.0, 0.0, 0.0], input_type=list])
  PydanticSerializationUnexpectedValue(Expected `tuple[float, float, float]` - serialized value may not be as expected [field_name='euler_offset', input_value=[0.0, 0.0, 0.0], input_type=list])
  PydanticSerializationUnexpectedValue(Expected `tuple[int, ...]` - serialized value may not be as expected [field_name='filter_link_idx', input_value=[], input_type=list])
  return self.__pydantic_serializer__.to_python(
/workspace/tactile-genesis/dexterous-hands/.venv/lib/python3.12/site-packages/pydantic/main.py:475: UserWarning: Pydantic serializer warnings:
  PydanticSerializationUnexpectedValue(Expected `tuple[tuple[float, float, float], ...]` - serialized value may not be as expected [field_name='probe_local_pos', input_value=[[[0.00536662, 0.01881664... 0.00481666, 0.004262]]], input_type=list])
  PydanticSerializationUnexpectedValue(Expected `tuple[tuple[tuple[float, float, float], ...], ...]` - serialized value may not be as expected [field_name='probe_local_pos', input_value=[[[0.00536662, 0.01881664... 0.00481666, 0.004262]]], input_type=list])
  PydanticSerializationUnexpectedValue(Expected `tuple[float, float, float]` - serialized value may not be as expected [field_name='debug_probe_color', input_value=[0.4, 0.7, 1.0], input_type=list])
  PydanticSerializationUnexpectedValue(Expected `tuple[float, float, float]` - serialized value may not be as expected [field_name='debug_contact_color', input_value=[1.0, 0.4, 0.4], input_type=list])
  PydanticSerializationUnexpectedValue(Expected `tuple[float, float]` - serialized value may not be as expected [field_name='dead_taxel_value_range', input_value=[0.0, 0.0], input_type=list])
  PydanticSerializationUnexpectedValue(Expected `tuple[float, float, float]` - serialized value may not be as expected [field_name='pos_offset', input_value=[0.0, 0.0, 0.0], input_type=list])
  PydanticSerializationUnexpectedValue(Expected `tuple[float, float, float]` - serialized value may not be as expected [field_name='euler_offset', input_value=[0.0, 0.0, 0.0], input_type=list])
  PydanticSerializationUnexpectedValue(Expected `tuple[int, ...]` - serialized value may not be as expected [field_name='filter_link_idx', input_value=[], input_type=list])
  return self.__pydantic_serializer__.to_python(
/workspace/tactile-genesis/dexterous-hands/.venv/lib/python3.12/site-packages/pydantic/main.py:475: UserWarning: Pydantic serializer warnings:
  PydanticSerializationUnexpectedValue(Expected `tuple[tuple[float, float, float], ...]` - serialized value may not be as expected [field_name='probe_local_pos', input_value=[[[0.01183706, 0.0312421,....00380051, 0.01254132]]], input_type=list])
  PydanticSerializationUnexpectedValue(Expected `tuple[tuple[tuple[float, float, float], ...], ...]` - serialized value may not be as expected [field_name='probe_local_pos', input_value=[[[0.01183706, 0.0312421,....00380051, 0.01254132]]], input_type=list])
  PydanticSerializationUnexpectedValue(Expected `tuple[float, float, float]` - serialized value may not be as expected [field_name='debug_probe_color', input_value=[0.4, 0.7, 1.0], input_type=list])
  PydanticSerializationUnexpectedValue(Expected `tuple[float, float, float]` - serialized value may not be as expected [field_name='debug_contact_color', input_value=[1.0, 0.4, 0.4], input_type=list])
  PydanticSerializationUnexpectedValue(Expected `tuple[float, float]` - serialized value may not be as expected [field_name='dead_taxel_value_range', input_value=[0.0, 0.0], input_type=list])
  PydanticSerializationUnexpectedValue(Expected `tuple[float, float, float]` - serialized value may not be as expected [field_name='pos_offset', input_value=[0.0, 0.0, 0.0], input_type=list])
  PydanticSerializationUnexpectedValue(Expected `tuple[float, float, float]` - serialized value may not be as expected [field_name='euler_offset', input_value=[0.0, 0.0, 0.0], input_type=list])
  PydanticSerializationUnexpectedValue(Expected `tuple[int, ...]` - serialized value may not be as expected [field_name='filter_link_idx', input_value=[], input_type=list])
  return self.__pydantic_serializer__.to_python(
/workspace/tactile-genesis/dexterous-hands/.venv/lib/python3.12/site-packages/pydantic/main.py:475: UserWarning: Pydantic serializer warnings:
  PydanticSerializationUnexpectedValue(Expected `enum` - serialized value may not be as expected [field_name='direction', input_value='hib', input_type=str])
  PydanticSerializationUnexpectedValue(Expected `enum` - serialized value may not be as expected [field_name='metric_mode', input_value='reset', input_type=str])
  PydanticSerializationUnexpectedValue(Expected `enum` - serialized value may not be as expected [field_name='direction', input_value='hib', input_type=str])
  PydanticSerializationUnexpectedValue(Expected `enum` - serialized value may not be as expected [field_name='metric_mode', input_value='interval', input_type=str])
  return self.__pydantic_serializer__.to_python(
/workspace/tactile-genesis/dexterous-hands/.venv/lib/python3.12/site-packages/pydantic/main.py:475: UserWarning: Pydantic serializer warnings:
  PydanticSerializationUnexpectedValue(Expected `enum` - serialized value may not be as expected [field_name='dataset_export_mode', input_value='export_all', input_type=str])
  return self.__pydantic_serializer__.to_python(
Traceback (most recent call last):
  File "/workspace/tactile-genesis/dexterous-hands/scripts/run_task_tactile_record.py", line 49, in <module>
    env = RslRlVecEnvWrapper.from_config(config, show_viewer=False)
          ^^^^^^^^^^^^^^^^^^^^^^^^^^^^^^^^^^^^^^^^^^^^^^^^^^^^^^^^^
  File "/workspace/tactile-genesis/Eden/eden/envs/wrappers/rsl_rl_env.py", line 90, in from_config
    env.build()
  File "/workspace/tactile-genesis/Genesis/genesis/utils/misc.py", line 136, in wrapper
    return method(self, *args, **kwargs)
           ^^^^^^^^^^^^^^^^^^^^^^^^^^^^^
  File "/workspace/tactile-genesis/Eden/eden/envs/base.py", line 429, in build
    self.post_build_setup()
  File "/workspace/tactile-genesis/Genesis/genesis/utils/misc.py", line 146, in wrapper
    return method(self, *args, **kwargs)
           ^^^^^^^^^^^^^^^^^^^^^^^^^^^^^
  File "/workspace/tactile-genesis/Eden/eden/envs/base.py", line 454, in post_build_setup
    self._load_managers()
  File "/workspace/tactile-genesis/Genesis/genesis/utils/misc.py", line 146, in wrapper
    return method(self, *args, **kwargs)
           ^^^^^^^^^^^^^^^^^^^^^^^^^^^^^
  File "/workspace/tactile-genesis/Eden/eden/envs/base.py", line 1059, in _load_managers
    super()._load_managers()
  File "/workspace/tactile-genesis/Genesis/genesis/utils/misc.py", line 146, in wrapper
    return method(self, *args, **kwargs)
           ^^^^^^^^^^^^^^^^^^^^^^^^^^^^^
  File "/workspace/tactile-genesis/Eden/eden/envs/base.py", line 520, in _load_managers
    self.action_manager = ActionManager(self, self.action_options)
                          ^^^^^^^^^^^^^^^^^^^^^^^^^^^^^^^^^^^^^^^^
  File "/workspace/tactile-genesis/Eden/eden/managers/action_manager.py", line 98, in __init__
    super().__init__(env=env, options=options)
  File "/workspace/tactile-genesis/Eden/eden/managers/base.py", line 143, in __init__
    self._prepare_terms()
  File "/workspace/tactile-genesis/Eden/eden/managers/action_manager.py", line 187, in _prepare_terms
    term: ActionTerm = self._build_term(term_name, ACTION_TERM_REGISTRY)
                       ^^^^^^^^^^^^^^^^^^^^^^^^^^^^^^^^^^^^^^^^^^^^^^^^^
  File "/workspace/tactile-genesis/Eden/eden/managers/base.py", line 203, in _build_term
    term.build()
  File "/workspace/tactile-genesis/Eden/eden/managers/terms/actions/joint_actions.py", line 283, in build
    super().build()
  File "/workspace/tactile-genesis/Eden/eden/managers/terms/actions/joint_actions.py", line 100, in build
    self._target_lower = (lower + margin).expand(shape).clone()
                         ^^^^^^^^^^^^^^^^^^^^^^^^^^^^^^
  File "/workspace/tactile-genesis/dexterous-hands/.venv/lib/python3.12/site-packages/torch/utils/_device.py", line 122, in __torch_function__
    return func(*args, **kwargs)
           ^^^^^^^^^^^^^^^^^^^^^
RuntimeError: The expanded size of the tensor (16) must match the existing size (64) at non-singleton dimension 1.  Target sizes: [4, 16].  Tensor sizes: [1, 64]

[38;5;9m[Genesis] [10:03:46] [ERROR] RuntimeError: The expanded size of the tensor (16) must match the existing size (64) at non-singleton dimension 1.  Target sizes: [4, 16].  Tensor sizes: [1, 64][0m
[38;5;159m[Genesis] [10:03:46] [INFO] 💤 Exiting Genesis and caching compiled kernels...[0m
