/workspace/tactile-genesis/dexterous-hands/.venv/lib/python3.12/site-packages/torch/jit/_script.py:1491: FutureWarning: `torch.jit.script` is deprecated. Please switch to `torch.compile` or `torch.export`.
  warnings.warn(
/workspace/tactile-genesis/dexterous-hands/.venv/lib/python3.12/site-packages/torch/jit/_script.py:1491: FutureWarning: `torch.jit.script` is deprecated. Please switch to `torch.compile` or `torch.export`.
  warnings.warn(
/workspace/tactile-genesis/dexterous-hands/.venv/lib/python3.12/site-packages/torch/jit/_script.py:1491: FutureWarning: `torch.jit.script` is deprecated. Please switch to `torch.compile` or `torch.export`.
  warnings.warn(
[38;5;226m[Genesis] [08:09:07] [WARNING] Link 'index_1_cover' has dubious center of mass [x=0.000, y=0.000, z=0.000] compared to the bounding box from geometry [x=(-0.023, -0.013), y=(-0.013, 0.014), z=(-0.005, 0.068)].[0m
[38;5;226m[Genesis] [08:09:07] [WARNING] Link 'index_1_cover' has dubious mass 0.000 compared to the estimate from geometry 0.024.[0m
[38;5;226m[Genesis] [08:09:08] [WARNING] Link 'index_2_cover' has dubious center of mass [x=0.000, y=0.000, z=0.000] compared to the bounding box from geometry [x=(-0.022, -0.012), y=(-0.014, 0.013), z=(0.015, 0.070)].[0m
[38;5;226m[Genesis] [08:09:08] [WARNING] Link 'index_2_cover' has dubious mass 0.000 compared to the estimate from geometry 0.010.[0m
[38;5;226m[Genesis] [08:09:08] [WARNING] Link 'index_3_tip' has dubious mass 0.000 compared to the estimate from geometry 0.036.[0m
[38;5;226m[Genesis] [08:09:08] [WARNING] Link 'middle_1_cover' has dubious center of mass [x=0.000, y=0.000, z=0.000] compared to the bounding box from geometry [x=(-0.023, -0.013), y=(-0.013, 0.014), z=(-0.005, 0.068)].[0m
[38;5;226m[Genesis] [08:09:08] [WARNING] Link 'middle_1_cover' has dubious mass 0.000 compared to the estimate from geometry 0.024.[0m
[38;5;226m[Genesis] [08:09:08] [WARNING] Link 'middle_2_cover' has dubious center of mass [x=0.000, y=0.000, z=0.000] compared to the bounding box from geometry [x=(-0.022, -0.012), y=(-0.014, 0.013), z=(0.015, 0.070)].[0m
[38;5;226m[Genesis] [08:09:08] [WARNING] Link 'middle_2_cover' has dubious mass 0.000 compared to the estimate from geometry 0.010.[0m
[38;5;226m[Genesis] [08:09:08] [WARNING] Link 'middle_3_tip' has dubious mass 0.000 compared to the estimate from geometry 0.036.[0m
[38;5;226m[Genesis] [08:09:08] [WARNING] Link 'ring_1_cover' has dubious center of mass [x=0.000, y=0.000, z=0.000] compared to the bounding box from geometry [x=(-0.023, -0.013), y=(-0.013, 0.014), z=(-0.005, 0.068)].[0m
[38;5;226m[Genesis] [08:09:08] [WARNING] Link 'ring_1_cover' has dubious mass 0.000 compared to the estimate from geometry 0.024.[0m
[38;5;226m[Genesis] [08:09:08] [WARNING] Link 'ring_2_cover' has dubious center of mass [x=0.000, y=0.000, z=0.000] compared to the bounding box from geometry [x=(-0.022, -0.012), y=(-0.014, 0.013), z=(0.015, 0.070)].[0m
[38;5;226m[Genesis] [08:09:08] [WARNING] Link 'ring_2_cover' has dubious mass 0.000 compared to the estimate from geometry 0.010.[0m
[38;5;226m[Genesis] [08:09:08] [WARNING] Link 'ring_3_tip' has dubious mass 0.000 compared to the estimate from geometry 0.036.[0m
[38;5;226m[Genesis] [08:09:08] [WARNING] Mesh is not watertight. Falling back to convex hull for estimating inertial properties.[0m
[38;5;226m[Genesis] [08:09:08] [WARNING] Link 'thumb_2_cover' has dubious center of mass [x=0.000, y=0.000, z=0.000] compared to the bounding box from geometry [x=(-0.023, -0.013), y=(-0.014, 0.014), z=(-0.010, 0.019)].[0m
[38;5;226m[Genesis] [08:09:08] [WARNING] Link 'thumb_2_cover' has dubious mass 0.000 compared to the estimate from geometry 0.010.[0m
[38;5;226m[Genesis] [08:09:08] [WARNING] Mesh is not watertight. Falling back to convex hull for estimating inertial properties.[0m
[38;5;226m[Genesis] [08:09:08] [WARNING] Link 'thumb_3_cover' has dubious center of mass [x=0.000, y=0.000, z=0.000] compared to the bounding box from geometry [x=(-0.023, -0.013), y=(-0.014, 0.014), z=(-0.010, 0.019)].[0m
[38;5;226m[Genesis] [08:09:08] [WARNING] Link 'thumb_3_cover' has dubious mass 0.000 compared to the estimate from geometry 0.010.[0m
[38;5;226m[Genesis] [08:09:08] [WARNING] Link 'thumb_3_tip' has dubious center of mass [x=-0.013, y=0.000, z=0.032] compared to the bounding box from geometry [x=(-0.016, 0.016), y=(-0.000, 0.039), z=(-0.000, 0.029)].[0m
[38;5;226m[Genesis] [08:09:08] [WARNING] Link 'thumb_3_tip' has dubious mass 0.000 compared to the estimate from geometry 0.036.[0m
[38;5;226m[Genesis] [08:09:08] [WARNING] Neutral robot position (qpos0) exceeds joint limits.[0m
[38;5;226m[Genesis] [08:09:10] [WARNING] Filtered out geometry pairs causing self-collision for the neutral configuration (qpos0): (10, 13), (20, 23), (30, 33). Consider tuning Morph option 'decompose_robot_error_threshold' or specify dedicated collision meshes. This behavior can be disabled by setting Morph option 'enable_neutral_collision=True'.[0m
DEBUG object_pos: (0.123, 0.0, 0.233)
DEBUG index_3_tip [[-0.013       0.05459493  0.3252736 ]]
DEBUG middle_3_tip [[-0.013       0.          0.32799998]]
DEBUG ring_3_tip [[-0.013      -0.05459493  0.3252736 ]]
DEBUG thumb_3_tip [[-0.0132      0.15744     0.09982706]]
DEBUG hand base pos: [[0.  0.  0.2]]
DEBUG final dofs: {'index_roll': 0.015584813430905342, 'middle_roll': 0.000423790275817737, 'ring_roll': -0.01081077754497528, 'thumb_bend0': 0.2630000114440918, 'index_bend0': 0.7033190727233887, 'middle_bend0': 0.5689947605133057, 'ring_bend0': 0.7034450769424438, 'thumb_roll': 0.0, 'index_bend1': 0.18012100458145142, 'middle_bend1': 0.1786130964756012, 'ring_bend1': 0.1801232397556305, 'thumb_bend1': 0.0, 'index_bend2': 0.07503977417945862, 'middle_bend2': 0.07213494926691055, 'ring_bend2': 0.07504090666770935, 'thumb_bend2': 0.0}
DEBUG final pos index_3_tip [[0.07021763 0.05367928 0.30225062]]
DEBUG final pos middle_3_tip [[5.8026217e-02 2.4579023e-05 3.1367251e-01]]
DEBUG final pos ring_3_tip [[ 0.07023292 -0.05334465  0.30227095]]
DEBUG final pos thumb_3_tip [[0.02361274 0.15127195 0.10036671]]
DEBUG object_pos recap: (0.123, 0.0, 0.233) radius 0.075

Wrote 58 rows to hand_object_tactile_demo.csv

finger           max_force  max_torque  max_deform   max_taxels_active
index_3_tip        0.00000    0.000000    0.000000                   0
middle_3_tip       1.15761    0.012608    0.000000                   4
ring_3_tip         0.00000    0.000000    0.000000                   0
thumb_3_tip        0.00000    0.000000    0.000000                   0

Max force magnitude during settle phase (no contact expected): 0.000e+00
