   THUMB TRACE  step closure | taxel sum|F| max|F| n_loaded | GT obj self table | surf_dist
      0  0.00 | 0.0000 0.0000   0 | 0.000 0.000 0.000 | 0.1431
      5  0.00 | 0.0000 0.0000   0 | 0.000 0.000 0.000 | 0.1447
     10  0.00 | 0.0000 0.0000   0 | 0.000 0.000 0.000 | 0.1448
     15  0.00 | 0.0000 0.0000   0 | 0.000 0.000 0.000 | 0.1431
     20  0.00 | 6.9359 0.5693  25 | 0.000 0.000 3.815 | 0.1415
     25  0.00 | 0.0000 0.0000   0 | 0.000 0.000 0.000 | 0.1421
     30  0.00 | 0.0000 0.0000   0 | 0.000 0.000 0.000 | 0.1432
     35  0.00 | 0.0000 0.0000   0 | 0.000 0.000 0.000 | 0.1442
     40  0.02 | 0.0000 0.0000   0 | 0.000 0.000 0.000 | 0.1446
     45  0.10 | 0.0000 0.0000   0 | 0.000 0.000 0.000 | 0.1439
     50  0.18 | 0.0000 0.0000   0 | 0.000 0.000 0.000 | 0.1409
     55  0.27 | 6.6117 0.5656  20 | 0.000 0.000 3.952 | 0.1359
     60  0.35 | 6.9960 0.5787  20 | 0.000 0.000 2.520 | 0.1315
     65  0.43 | 0.0000 0.0000   0 | 0.000 0.000 0.000 | 0.1243
     70  0.52 | 1.3171 0.6212   4 | 0.000 0.000 17.100 | 0.1105
     75  0.60 | 5.3900 0.5892  20 | 0.000 0.000 2.689 | 0.1083
     80  0.68 | 5.6502 0.5927  20 | 0.000 0.000 3.390 | 0.0987
     85  0.77 | 4.8077 0.5928  10 | 0.000 0.000 3.208 | 0.0887
     90  0.85 | 4.5722 0.5836  10 | 0.000 0.000 2.955 | 0.0775
     95  0.93 | 4.3573 0.5760  10 | 0.000 0.000 3.827 | 0.0645
    100  1.00 | 3.1038 0.5171   8 | 0.000 0.000 3.462 | 0.0500
    101  1.00 | 3.7992 0.5043  10 | 0.000 0.000 3.422 | 0.0469
    102  1.00 | 3.7852 0.4932  10 | 0.000 0.000 3.454 | 0.0437
    103  1.00 | 3.7359 0.4850  10 | 0.000 0.000 3.076 | 0.0404
    104  1.00 | 3.6970 0.4707  10 | 0.000 0.000 3.046 | 0.0370
    105  1.00 | 3.6814 0.4622  10 | 0.000 0.000 3.125 | 0.0335
    106  1.00 | 3.6151 0.4464  10 | 0.000 0.000 3.506 | 0.0301
    107  1.00 | 3.5175 0.4282  10 | 0.000 0.000 3.290 | 0.0266
    108  1.00 | 2.2988 0.4129   6 | 0.000 0.000 3.889 | 0.0232
    109  1.00 | 1.9526 0.3937   5 | 0.000 0.000 3.024 | 0.0198
